../Core/Src/main.c:64:6:PID_Initialize	16	static
../Core/Src/main.c:73:8:PID_Discrete	24	static
../Core/Src/main.c:101:5:_write	32	static
../Core/Src/main.c:119:5:main	64	static
../Core/Src/main.c:249:6:SystemClock_Config	120	static
../Core/Src/main.c:308:13:MX_ADC1_Init	48	static
../Core/Src/main.c:376:13:MX_FDCAN1_Init	8	static
../Core/Src/main.c:465:13:MX_TIM2_Init	64	static
../Core/Src/main.c:524:13:MX_USART2_UART_Init	8	static
../Core/Src/main.c:572:13:MX_GPIO_Init	48	static
../Core/Src/main.c:603:6:Error_Handler	4	static,ignoring_inline_asm
